// Jest Snapshot v1, https://goo.gl/fbAQLP

exports[`<Calculator /> create a snapshot with the basic information 1`] = `ShallowWrapper {}`;
